
> react-example@0.0.0 build
> vite build

[36mvite v6.4.1 [32mbuilding for production...[36m[39m
transforming...
node.exe : Found 1 
warning while 
optimizing generated 
CSS:
At line:1 char:1
+ & "D:\antigravity 
trails/node.exe" 
"D:\antigravity 
trails/node_module ...
+ ~~~~~~~~~~~~~~~~~~~~~
~~~~~~~~~~~~~~~~~~~~~~~
~~~~~~~~~~~~~~~~~~~~~~~
~~
    + CategoryInfo     
         : NotSpecifi  
  ed: (Found 1 warni   
 ng... generated CS    
S::String) [], Rem    
oteException
    + FullyQualifiedEr 
   rorId : NativeComm  
  andError
 

[2mΓöé   }[22m
[2mΓöé }[22m
[2mΓöé[22m @import ur
l('https://fonts.google
apis.com/css2?family=Ou
tfit:wght@300;400;600;7
00&family=JetBrains+Mon
o:wght@400;500&display=
swap');
[2mΓöå[22m        
[33m[2m^--[22m 
@import rules must 
precede all rules 
aside from @charset 
and @layer 
statements[39m
[2mΓöå[22m
[2mΓöé @layer base 
{[22m
[2mΓöé   body {[22m

[32mΓ£ô[39m 3062 modules transformed.
rendering chunks...
computing gzip size...
[2mdist/[22m[32mindex.html                 [39m[1m[2m  0.41 kB[22m[1m[22m[2m Γöé gzip:   0.30 kB[22m
[2mdist/[22m[35massets/index-B47F_qIR.css  [39m[1m[2m 68.17 kB[22m[1m[22m[2m Γöé gzip:  15.07 kB[22m
[2mdist/[22m[36massets/index-CbHuG_4Q.js   [39m[1m[33m926.95 kB[39m[22m[2m Γöé gzip: 279.59 kB[22m
[33m
(!) Some chunks are 
larger than 500 kB 
after minification. 
Consider:
- Using dynamic 
import() to code-split 
the application
- Use build.rollupOptio
ns.output.manualChunks 
to improve chunking: ht
tps://rollupjs.org/conf
iguration-options/#outp
ut-manualchunks
- Adjust chunk size 
limit for this warning 
via build.chunkSizeWarn
ingLimit.[39m
[32mΓ£ô built in 16.89s[39m
